==242705== Memcheck, a memory error detector
==242705== Copyright (C) 2002-2017, and GNU GPL'd, by Julian Seward et al.
==242705== Using Valgrind-3.18.1 and LibVEX; rerun with -h for copyright info
==242705== Command: ./webserv webserv.conf
==242705== Parent PID: 229093
==242705== 
==242705== 
==242705== FILE DESCRIPTORS: 5 open (3 std) at exit.
==242705== Open file descriptor 103: /home/hwai-keo/VSCode-linux-x64/v8_context_snapshot.bin
==242705==    <inherited from parent>
==242705== 
==242705== Open file descriptor 3: /home/hwai-keo/webserv/valgrind_webserv.log
==242705==    <inherited from parent>
==242705== 
==242705== 
==242705== HEAP SUMMARY:
==242705==     in use at exit: 0 bytes in 0 blocks
==242705==   total heap usage: 261 allocs, 261 frees, 123,745 bytes allocated
==242705== 
==242705== All heap blocks were freed -- no leaks are possible
==242705== 
==242705== For lists of detected and suppressed errors, rerun with: -s
==242705== ERROR SUMMARY: 0 errors from 0 contexts (suppressed: 0 from 0)
