Starting CGI script
Invalid request method: GET
Starting CGI script
Original filename: demo.txt
Safe filename: demo_4a7ce5df.txt
Save path: /home/hho-jia-/evaluation/webserver/wk/www1/archive/demo_4a7ce5df.txt
File saved successfully. Size: 12 bytes
Starting CGI script
Original filename: Screenshot from 2026-03-31 15-56-46.png
Safe filename: Screenshot from 2026-03-31 15-56-46_490b62b7.png
Save path: /home/hho-jia-/evaluation/webserver/wk/www1/archive/Screenshot from 2026-03-31 15-56-46_490b62b7.png
File saved successfully. Size: 42401 bytes
[2026-03-31 18:34:59] [form.py] Request started
[2026-03-31 18:34:59] [form.py] Saved quest log entry to /home/hho-jia-/evaluation/webserver/wk/www1/archive/quest_log_entry_20260331_183459.txt
[2026-03-31 18:34:59] [form.py] Request completed successfully
[2026-03-31 18:34:59] [delete.py] Request started method=GET query=format=json
[2026-03-31 18:34:59] [delete.py] Returned archive list count=1
[2026-04-01 08:39:07] [upload_script.pl] Request started
[2026-04-01 08:39:07] [upload_script.pl] Saved file: perl_demo_b691e9ed.txt size=22
[2026-04-01 08:39:07] [delete.pl] Request started method=GET query=format=json
[2026-04-01 08:39:07] [delete.pl] Returned list count=2
[2026-04-01 08:39:13] [delete.pl] Request started method=POST query=
[2026-04-01 08:39:13] [delete.pl] Deleted file: perl_demo_b691e9ed.txt
[2026-04-01 10:53:32] [upload_script.pl] Request started
[2026-04-01 10:53:32] [upload_script.pl] Saved file: perl1_07028d3f.png size=101735
[2026-04-01 10:53:46] [delete.pl] Request started method=GET query=
[2026-04-01 10:53:46] [delete.pl] Request started method=GET query=format=json
[2026-04-01 10:53:46] [delete.pl] Returned list count=2
[2026-04-01 10:53:52] [delete.py] Request started method=GET query=
[2026-04-01 10:53:52] [delete.py] Rendered archive page
[2026-04-01 10:53:52] [delete.py] Request started method=GET query=format=json
[2026-04-01 10:53:52] [delete.py] Returned archive list count=2
[2026-04-01 10:53:55] [delete.pl] Request started method=GET query=
[2026-04-01 10:53:55] [delete.pl] Request started method=GET query=format=json
[2026-04-01 10:53:55] [delete.pl] Returned list count=2
[2026-04-01 10:53:59] [delete.pl] Request started method=GET query=
[2026-04-01 10:53:59] [delete.pl] Request started method=GET query=format=json
[2026-04-01 10:53:59] [delete.pl] Returned list count=2
[2026-04-01 10:54:09] [upload_script.pl] Request started
[2026-04-01 10:54:09] [upload_script.pl] Saved file: perl2_10a08f2b.png size=246702
[2026-04-01 10:54:10] [delete.pl] Request started method=GET query=
[2026-04-01 10:54:10] [delete.pl] Request started method=GET query=format=json
[2026-04-01 10:54:10] [delete.pl] Returned list count=3
[2026-04-01 10:54:13] [delete.pl] Request started method=POST query=
[2026-04-01 10:54:13] [delete.pl] Deleted file: perl1_07028d3f.png
[2026-04-01 10:54:13] [delete.pl] Request started method=GET query=format=json
[2026-04-01 10:54:13] [delete.pl] Returned list count=2
Starting CGI script
Original filename: py1.png
Safe filename: py1_f8574cfb.png
Save path: /home/hho-jia-/evaluation/webserver/wk/www1/archive/py1_f8574cfb.png
File saved successfully. Size: 890267 bytes
[2026-04-01 10:56:00] [delete.py] Request started method=GET query=
[2026-04-01 10:56:00] [delete.py] Rendered archive page
[2026-04-01 10:56:00] [delete.py] Request started method=GET query=format=json
[2026-04-01 10:56:00] [delete.py] Returned archive list count=3
Starting CGI script
Original filename: py2.png
Safe filename: py2_cb81e99f.png
Save path: /home/hho-jia-/evaluation/webserver/wk/www1/archive/py2_cb81e99f.png
File saved successfully. Size: 549108 bytes
[2026-04-01 10:56:14] [delete.py] Request started method=GET query=
[2026-04-01 10:56:14] [delete.py] Rendered archive page
[2026-04-01 10:56:14] [delete.py] Request started method=GET query=format=json
[2026-04-01 10:56:14] [delete.py] Returned archive list count=4
[2026-04-01 10:56:17] [delete.py] Request started method=GET query=
[2026-04-01 10:56:17] [delete.py] Rendered archive page
[2026-04-01 10:56:17] [delete.py] Request started method=GET query=format=json
[2026-04-01 10:56:17] [delete.py] Returned archive list count=4
[2026-04-01 10:56:19] [delete.pl] Request started method=GET query=
[2026-04-01 10:56:20] [delete.pl] Request started method=GET query=format=json
[2026-04-01 10:56:20] [delete.pl] Returned list count=4
[2026-04-01 10:56:23] [delete.pl] Request started method=GET query=
[2026-04-01 10:56:23] [delete.pl] Request started method=GET query=format=json
[2026-04-01 10:56:23] [delete.pl] Returned list count=4
[2026-04-01 10:56:25] [delete.py] Request started method=GET query=
[2026-04-01 10:56:25] [delete.py] Rendered archive page
[2026-04-01 10:56:25] [delete.py] Request started method=GET query=format=json
[2026-04-01 10:56:25] [delete.py] Returned archive list count=4
[2026-04-01 10:57:07] [delete.py] Request started method=GET query=
[2026-04-01 10:57:07] [delete.py] Rendered archive page
[2026-04-01 10:57:07] [delete.py] Request started method=GET query=format=json
[2026-04-01 10:57:07] [delete.py] Returned archive list count=4
[2026-04-01 10:58:06] [delete.py] Request started method=GET query=
[2026-04-01 10:58:06] [delete.py] Rendered archive page
[2026-04-01 10:58:06] [delete.py] Request started method=GET query=format=json
[2026-04-01 10:58:06] [delete.py] Returned archive list count=4
[2026-04-01 10:58:06] [delete.py] Request started method=GET query=
[2026-04-01 10:58:06] [delete.py] Rendered archive page
[2026-04-01 10:58:06] [delete.py] Request started method=GET query=format=json
[2026-04-01 10:58:06] [delete.py] Returned archive list count=4
[2026-04-01 10:58:07] [delete.py] Request started method=GET query=
[2026-04-01 10:58:07] [delete.py] Rendered archive page
[2026-04-01 10:58:08] [delete.py] Request started method=GET query=format=json
[2026-04-01 10:58:08] [delete.py] Returned archive list count=4
[2026-04-01 10:58:09] [delete.pl] Request started method=GET query=
[2026-04-01 10:58:09] [delete.pl] Request started method=GET query=format=json
[2026-04-01 10:58:09] [delete.pl] Returned list count=4
[2026-04-01 10:58:30] [delete.py] Request started method=GET query=
[2026-04-01 10:58:30] [delete.py] Rendered archive page
[2026-04-01 10:58:30] [delete.py] Request started method=GET query=format=json
[2026-04-01 10:58:30] [delete.py] Returned archive list count=4
[2026-04-01 11:15:39] [delete.py] Request started method=GET query=
[2026-04-01 11:15:39] [delete.py] Rendered archive page
[2026-04-01 11:15:39] [delete.py] Request started method=GET query=format=json
[2026-04-01 11:15:39] [delete.py] Returned archive list count=4
[2026-04-01 11:15:41] [delete.pl] Request started method=GET query=
[2026-04-01 11:15:41] [delete.pl] Request started method=GET query=format=json
[2026-04-01 11:15:41] [delete.pl] Returned list count=4
Starting CGI script
Original filename: main.cpp
Safe filename: main_80195029.cpp
Save path: /home/hwai-keo/webserv/www1/archive/main_80195029.cpp
File saved successfully. Size: 1242 bytes
[2026-04-08 14:12:02] [delete.py] Request started method=GET query=
[2026-04-08 14:12:02] [delete.py] Rendered archive page
[2026-04-08 14:12:02] [delete.py] Request started method=GET query=format=json
[2026-04-08 14:12:02] [delete.py] Returned archive list count=4
[2026-04-08 14:12:05] [delete.py] Request started method=GET query=
[2026-04-08 14:12:05] [delete.py] Rendered archive page
[2026-04-08 14:12:05] [delete.py] Request started method=GET query=format=json
[2026-04-08 14:12:05] [delete.py] Returned archive list count=4
[2026-04-08 17:05:42] [delete.py] Request started method=GET query=
[2026-04-08 17:05:42] [delete.py] Rendered archive page
[2026-04-08 17:05:42] [delete.py] Request started method=GET query=format=json
[2026-04-08 17:05:42] [delete.py] Returned archive list count=4
Starting CGI script
Original filename: main.cpp
Safe filename: main_71264089.cpp
Save path: /home/hwai-keo/webserv/www1/archive/main_71264089.cpp
File saved successfully. Size: 1242 bytes
[2026-04-09 14:02:57] [delete.py] Request started method=GET query=
[2026-04-09 14:02:57] [delete.py] Rendered archive page
[2026-04-09 14:02:57] [delete.py] Request started method=GET query=format=json
[2026-04-09 14:02:57] [delete.py] Returned archive list count=5
[2026-04-09 14:03:03] [delete.py] Request started method=GET query=
[2026-04-09 14:03:03] [delete.py] Rendered archive page
[2026-04-09 14:03:03] [delete.py] Request started method=GET query=format=json
[2026-04-09 14:03:03] [delete.py] Returned archive list count=5
[2026-04-09 16:45:43] [delete.py] Request started method=GET query=
[2026-04-09 16:45:43] [delete.py] Rendered archive page
[2026-04-09 16:45:43] [delete.py] Request started method=GET query=format=json
[2026-04-09 16:45:43] [delete.py] Returned archive list count=5
[2026-04-09 17:08:23] [delete.py] Request started method=GET query=
[2026-04-09 17:08:23] [delete.py] Rendered archive page
[2026-04-09 17:08:23] [delete.py] Request started method=GET query=format=json
[2026-04-09 17:08:23] [delete.py] Returned archive list count=5
[2026-04-09 17:08:38] [delete.py] Request started method=GET query=
[2026-04-09 17:08:38] [delete.py] Rendered archive page
[2026-04-09 17:08:38] [delete.py] Request started method=GET query=format=json
[2026-04-09 17:08:38] [delete.py] Returned archive list count=5
[2026-04-09 17:09:19] [delete.py] Request started method=GET query=
[2026-04-09 17:09:19] [delete.py] Rendered archive page
[2026-04-09 17:09:19] [delete.py] Request started method=GET query=format=json
[2026-04-09 17:09:19] [delete.py] Returned archive list count=5
[2026-04-09 17:09:38] [delete.py] Request started method=GET query=
[2026-04-09 17:09:38] [delete.py] Rendered archive page
[2026-04-09 17:09:38] [delete.py] Request started method=GET query=format=json
[2026-04-09 17:09:38] [delete.py] Returned archive list count=5
[2026-04-09 17:09:43] [delete.py] Request started method=GET query=
[2026-04-09 17:09:43] [delete.py] Rendered archive page
[2026-04-09 17:09:43] [delete.py] Request started method=GET query=format=json
[2026-04-09 17:09:43] [delete.py] Returned archive list count=5
[2026-04-09 17:28:16] [delete.py] Request started method=GET query=
[2026-04-09 17:28:16] [delete.py] Rendered archive page
[2026-04-09 17:28:16] [delete.py] Request started method=GET query=format=json
[2026-04-09 17:28:16] [delete.py] Returned archive list count=5
[2026-04-09 17:28:17] [delete.py] Request started method=GET query=
[2026-04-09 17:28:17] [delete.py] Rendered archive page
[2026-04-09 17:28:17] [delete.py] Request started method=GET query=format=json
[2026-04-09 17:28:17] [delete.py] Returned archive list count=5
[2026-04-09 17:30:18] [delete.py] Request started method=GET query=
[2026-04-09 17:30:18] [delete.py] Rendered archive page
[2026-04-09 17:30:18] [delete.py] Request started method=GET query=format=json
[2026-04-09 17:30:18] [delete.py] Returned archive list count=5
[2026-04-09 17:30:20] [delete.py] Request started method=GET query=
[2026-04-09 17:30:20] [delete.py] Rendered archive page
[2026-04-09 17:30:20] [delete.py] Request started method=GET query=format=json
[2026-04-09 17:30:20] [delete.py] Returned archive list count=5
[2026-04-09 17:30:38] [delete.py] Request started method=GET query=
[2026-04-09 17:30:38] [delete.py] Rendered archive page
[2026-04-09 17:30:38] [delete.py] Request started method=GET query=format=json
[2026-04-09 17:30:38] [delete.py] Returned archive list count=5
[2026-04-09 17:30:39] [delete.py] Request started method=GET query=
[2026-04-09 17:30:39] [delete.py] Rendered archive page
[2026-04-09 17:30:39] [delete.py] Request started method=GET query=format=json
[2026-04-09 17:30:39] [delete.py] Returned archive list count=5
[2026-04-09 17:30:48] [delete.py] Request started method=GET query=
[2026-04-09 17:30:48] [delete.py] Rendered archive page
[2026-04-09 17:30:48] [delete.py] Request started method=GET query=format=json
[2026-04-09 17:30:48] [delete.py] Returned archive list count=5
[2026-04-09 17:30:49] [delete.py] Request started method=GET query=
[2026-04-09 17:30:49] [delete.py] Rendered archive page
[2026-04-09 17:30:49] [delete.py] Request started method=GET query=format=json
[2026-04-09 17:30:49] [delete.py] Returned archive list count=5
[2026-04-09 17:31:13] [delete.py] Request started method=GET query=format=json
[2026-04-09 17:31:13] [delete.py] Returned archive list count=5
[2026-04-09 17:31:22] [delete.py] Request started method=POST query=
[2026-04-09 17:31:22] [delete.py] Deleted file: main_71264089.cpp
[2026-04-09 17:31:22] [delete.py] Delete request name=main_71264089.cpp result=True status=200
[2026-04-09 17:31:22] [delete.py] Request started method=GET query=format=json
[2026-04-09 17:31:22] [delete.py] Returned archive list count=4
[2026-04-10 13:45:47] [delete.py] Request started method=GET query=
[2026-04-10 13:45:47] [delete.py] Rendered archive page
[2026-04-10 13:45:47] [delete.py] Request started method=GET query=format=json
[2026-04-10 13:45:47] [delete.py] Returned archive list count=5
[2026-04-10 14:00:51] [form.py] Request started
[2026-04-10 14:00:51] [form.py] Invalid request method: GET
[2026-04-10 14:00:51] [form.py] Request failed with parse error: Only POST requests are allowed
[2026-04-13 14:37:17] [delete.py] Request started method=GET query=
[2026-04-13 14:37:17] [delete.py] Rendered archive page
[2026-04-13 14:37:17] [delete.py] Request started method=GET query=format=json
[2026-04-13 14:37:17] [delete.py] Returned archive list count=5
[2026-04-13 14:37:20] [delete.py] Request started method=GET query=
[2026-04-13 14:37:20] [delete.py] Rendered archive page
[2026-04-13 14:37:20] [delete.py] Request started method=GET query=format=json
[2026-04-13 14:37:20] [delete.py] Returned archive list count=5
[2026-04-13 14:37:36] [form.py] Request started
[2026-04-13 14:37:36] [form.py] Saved quest log entry to /home/hwai-keo/webserv/www1/archive/quest_log_entry_20260413_143736.txt
[2026-04-13 14:37:36] [form.py] Request completed successfully
[2026-04-14 17:06:33] [form.py] Request started
[2026-04-14 17:06:33] [form.py] Saved quest log entry to /home/ktiew/newWebserv/full/www1/archive/quest_log_entry_20260414_170633.txt
[2026-04-14 17:06:33] [form.py] Request completed successfully
[2026-04-14 17:06:46] [delete.py] Request started method=GET query=
[2026-04-14 17:06:46] [delete.py] Rendered archive page
[2026-04-14 17:06:46] [delete.py] Request started method=GET query=format=json
[2026-04-14 17:06:46] [delete.py] Returned archive list count=6
[2026-04-14 17:06:51] [delete.py] Request started method=GET query=
[2026-04-14 17:06:51] [delete.py] Rendered archive page
[2026-04-14 17:06:51] [delete.py] Request started method=GET query=format=json
[2026-04-14 17:06:51] [delete.py] Returned archive list count=6
[2026-04-14 17:06:53] [delete.py] Request started method=GET query=
[2026-04-14 17:06:53] [delete.py] Rendered archive page
[2026-04-14 17:06:53] [delete.py] Request started method=GET query=format=json
[2026-04-14 17:06:53] [delete.py] Returned archive list count=6
Starting CGI script
Original filename: ex00.cpp
Safe filename: ex00_7703ac8c.cpp
Save path: /home/ktiew/newWebserv/full/www1/archive/ex00_7703ac8c.cpp
File saved successfully. Size: 1018 bytes
Starting CGI script
Original filename: ex01.cpp
Safe filename: ex01_a548047d.cpp
Save path: /home/ktiew/newWebserv/full/www1/archive/ex01_a548047d.cpp
File saved successfully. Size: 510 bytes
[2026-04-14 17:07:47] [delete.py] Request started method=GET query=
[2026-04-14 17:07:47] [delete.py] Rendered archive page
[2026-04-14 17:07:47] [delete.py] Request started method=GET query=format=json
[2026-04-14 17:07:47] [delete.py] Returned archive list count=8
[2026-04-14 17:07:51] [delete.py] Request started method=GET query=format=json
[2026-04-14 17:07:51] [delete.py] Returned archive list count=8
[2026-04-14 17:07:53] [delete.py] Request started method=POST query=
[2026-04-14 17:07:53] [delete.py] Deleted file: ex00_7703ac8c.cpp
[2026-04-14 17:07:53] [delete.py] Delete request name=ex00_7703ac8c.cpp result=True status=200
[2026-04-14 17:07:53] [delete.py] Request started method=GET query=format=json
[2026-04-14 17:07:53] [delete.py] Returned archive list count=7
[2026-04-14 17:07:54] [delete.py] Request started method=POST query=
[2026-04-14 17:07:54] [delete.py] Deleted file: ex01_a548047d.cpp
[2026-04-14 17:07:54] [delete.py] Delete request name=ex01_a548047d.cpp result=True status=200
[2026-04-14 17:07:54] [delete.py] Request started method=GET query=format=json
[2026-04-14 17:07:54] [delete.py] Returned archive list count=6
[2026-04-14 17:07:55] [delete.py] Request started method=POST query=
[2026-04-14 17:07:55] [delete.py] Deleted file: main_71264089.cpp
[2026-04-14 17:07:55] [delete.py] Delete request name=main_71264089.cpp result=True status=200
[2026-04-14 17:07:55] [delete.py] Request started method=GET query=format=json
[2026-04-14 17:07:55] [delete.py] Returned archive list count=5
[2026-04-14 17:07:56] [delete.py] Request started method=POST query=
[2026-04-14 17:07:56] [delete.py] Deleted file: perl2_10a08f2b.png
[2026-04-14 17:07:56] [delete.py] Delete request name=perl2_10a08f2b.png result=True status=200
[2026-04-14 17:07:56] [delete.py] Request started method=GET query=format=json
[2026-04-14 17:07:56] [delete.py] Returned archive list count=4
[2026-04-14 17:07:56] [delete.py] Request started method=POST query=
[2026-04-14 17:07:56] [delete.py] Deleted file: py1_f8574cfb.png
[2026-04-14 17:07:56] [delete.py] Delete request name=py1_f8574cfb.png result=True status=200
[2026-04-14 17:07:57] [delete.py] Request started method=GET query=format=json
[2026-04-14 17:07:57] [delete.py] Returned archive list count=3
[2026-04-14 17:07:57] [delete.py] Request started method=POST query=
[2026-04-14 17:07:57] [delete.py] Deleted file: py2_cb81e99f.png
[2026-04-14 17:07:57] [delete.py] Delete request name=py2_cb81e99f.png result=True status=200
[2026-04-14 17:07:58] [delete.py] Request started method=GET query=format=json
[2026-04-14 17:07:58] [delete.py] Returned archive list count=2
[2026-04-14 17:07:58] [delete.py] Request started method=POST query=
[2026-04-14 17:07:58] [delete.py] Deleted file: quest_log_entry_20260413_143736.txt
[2026-04-14 17:07:58] [delete.py] Delete request name=quest_log_entry_20260413_143736.txt result=True status=200
[2026-04-14 17:07:58] [delete.py] Request started method=GET query=format=json
[2026-04-14 17:07:58] [delete.py] Returned archive list count=1
[2026-04-14 17:07:59] [delete.py] Request started method=POST query=
[2026-04-14 17:07:59] [delete.py] Deleted file: quest_log_entry_20260414_170633.txt
[2026-04-14 17:07:59] [delete.py] Delete request name=quest_log_entry_20260414_170633.txt result=True status=200
[2026-04-14 17:07:59] [delete.py] Request started method=GET query=format=json
[2026-04-14 17:07:59] [delete.py] Returned archive list count=0
[2026-04-14 17:08:00] [delete.py] Request started method=GET query=format=json
[2026-04-14 17:08:00] [delete.py] Returned archive list count=0
[2026-04-14 17:08:00] [delete.py] Request started method=GET query=format=json
[2026-04-14 17:08:00] [delete.py] Returned archive list count=0
Starting CGI script
Original filename: webserv_architecture.png
Safe filename: webserv_architecture_a199dc6f.png
Save path: /home/ktiew/newWebserv/full/www1/archive/webserv_architecture_a199dc6f.png
File saved successfully. Size: 507395 bytes
[2026-04-14 17:08:50] [delete.py] Request started method=GET query=
[2026-04-14 17:08:50] [delete.py] Rendered archive page
[2026-04-14 17:08:50] [delete.py] Request started method=GET query=format=json
[2026-04-14 17:08:50] [delete.py] Returned archive list count=1
[2026-04-14 17:08:53] [delete.py] Request started method=GET query=
[2026-04-14 17:08:53] [delete.py] Rendered archive page
[2026-04-14 17:08:53] [delete.py] Request started method=GET query=format=json
[2026-04-14 17:08:53] [delete.py] Returned archive list count=1
Starting CGI script
Original filename: webserv_architecture.png
Safe filename: webserv_architecture_b872b8e6.png
Save path: /home/ktiew/newWebserv/full/www1/archive/webserv_architecture_b872b8e6.png
File saved successfully. Size: 507395 bytes
[2026-04-14 17:09:08] [delete.py] Request started method=GET query=
[2026-04-14 17:09:08] [delete.py] Rendered archive page
[2026-04-14 17:09:08] [delete.py] Request started method=GET query=format=json
[2026-04-14 17:09:08] [delete.py] Returned archive list count=2
[2026-04-14 17:09:10] [delete.py] Request started method=GET query=format=json
[2026-04-14 17:09:10] [delete.py] Returned archive list count=2
[2026-04-14 17:09:48] [delete.py] Request started method=GET query=
[2026-04-14 17:09:48] [delete.py] Rendered archive page
[2026-04-14 17:09:48] [delete.py] Request started method=GET query=format=json
[2026-04-14 17:09:48] [delete.py] Returned archive list count=2
[2026-04-14 17:09:59] [delete.py] Request started method=GET query=
[2026-04-14 17:09:59] [delete.py] Rendered archive page
[2026-04-14 17:09:59] [delete.py] Request started method=GET query=format=json
[2026-04-14 17:09:59] [delete.py] Returned archive list count=2
Starting CGI script
Original filename: webserv_architecture.png
Safe filename: webserv_architecture_2d33fbf8.png
Save path: /home/ktiew/newWebserv/full/www1/archive/webserv_architecture_2d33fbf8.png
File saved successfully. Size: 507395 bytes
[2026-04-14 17:10:11] [delete.py] Request started method=GET query=
[2026-04-14 17:10:11] [delete.py] Rendered archive page
[2026-04-14 17:10:11] [delete.py] Request started method=GET query=format=json
[2026-04-14 17:10:11] [delete.py] Returned archive list count=3
[2026-04-14 17:13:45] [delete.py] Request started method=GET query=
[2026-04-14 17:13:45] [delete.py] Rendered archive page
[2026-04-14 17:13:45] [delete.py] Request started method=GET query=format=json
[2026-04-14 17:13:45] [delete.py] Returned archive list count=3
[2026-04-14 17:14:31] [delete.py] Request started method=GET query=
[2026-04-14 17:14:31] [delete.py] Rendered archive page
[2026-04-14 17:14:31] [delete.py] Request started method=GET query=format=json
[2026-04-14 17:14:31] [delete.py] Returned archive list count=3
[2026-04-14 17:14:59] [delete.py] Request started method=GET query=
[2026-04-14 17:14:59] [delete.py] Rendered archive page
[2026-04-14 17:14:59] [delete.py] Request started method=GET query=format=json
[2026-04-14 17:14:59] [delete.py] Returned archive list count=3
[2026-04-24 14:38:35] [delete.py] Request started method=GET query=
[2026-04-24 14:38:35] [delete.py] Rendered archive page
[2026-04-24 14:38:35] [delete.py] Request started method=GET query=format=json
[2026-04-24 14:38:35] [delete.py] Returned archive list count=3
[2026-04-24 14:38:37] [delete.py] Request started method=GET query=
[2026-04-24 14:38:37] [delete.py] Rendered archive page
[2026-04-24 14:38:37] [delete.py] Request started method=GET query=format=json
[2026-04-24 14:38:37] [delete.py] Returned archive list count=3
